
===== myrobocasa_takeitback_planner =====
==> video recording disabled (--no-video)
==> sync working tree -> gangway:~/gw-runs/gw-20260921_113916 (workers=10)
started
==> waiting for 30 seeds (workers=10)
==> workers done (or deadline reached)
==> pull logs back -> ./logs/
==> failed runs (result event success=false) created since start:
==> done
STATUS myrobocasa_takeitback_planner ok

===== myrobocasa_takeitback_tray_planner =====
==> video recording disabled (--no-video)
==> sync working tree -> gangway:~/gw-runs/gw-20260921_114309 (workers=10)
started
==> waiting for 30 seeds (workers=10)
==> workers done (or deadline reached)
==> pull logs back -> ./logs/
==> failed runs (result event success=false) created since start:
==> done
STATUS myrobocasa_takeitback_tray_planner ok

===== myrobocasa_fridge_veggies_planner =====
==> video recording disabled (--no-video)
==> sync working tree -> gangway:~/gw-runs/gw-20260921_114633 (workers=10)
started
==> waiting for 30 seeds (workers=10)
==> workers done (or deadline reached)
==> pull logs back -> ./logs/
==> failed runs (result event success=false) created since start:
./logs/fridgeveggies_seed10_20260921_034706
./logs/fridgeveggies_seed11_20260921_034822
./logs/fridgeveggies_seed13_20260921_035030
./logs/fridgeveggies_seed14_20260921_035048
./logs/fridgeveggies_seed15_20260921_035136
./logs/fridgeveggies_seed16_20260921_035150
./logs/fridgeveggies_seed18_20260921_035222
./logs/fridgeveggies_seed19_20260921_035239
./logs/fridgeveggies_seed20_20260921_035241
./logs/fridgeveggies_seed21_20260921_035337
./logs/fridgeveggies_seed24_20260921_035546
./logs/fridgeveggies_seed25_20260921_035704
./logs/fridgeveggies_seed27_20260921_035729
./logs/fridgeveggies_seed28_20260921_035741
./logs/fridgeveggies_seed29_20260921_035757
./logs/fridgeveggies_seed2_20260921_034706
./logs/fridgeveggies_seed30_20260921_035810
./logs/fridgeveggies_seed3_20260921_034706
./logs/fridgeveggies_seed4_20260921_034706
./logs/fridgeveggies_seed7_20260921_034706
./logs/fridgeveggies_seed9_20260921_034706
==> done
STATUS myrobocasa_fridge_veggies_planner ok

===== cabinet_retrieval_planner =====
==> video recording disabled (--no-video)
==> sync working tree -> gangway:~/gw-runs/gw-20260921_120427 (workers=10)
started
==> waiting for 30 seeds (workers=10)
==> workers done (or deadline reached)
==> pull logs back -> ./logs/
==> failed runs (result event success=false) created since start:
==> done
STATUS cabinet_retrieval_planner ok

===== cabinet_search_planner =====
==> video recording disabled (--no-video)
==> sync working tree -> gangway:~/gw-runs/gw-20260921_120939 (workers=10)
started
==> waiting for 30 seeds (workers=10)
==> workers done (or deadline reached)
==> pull logs back -> ./logs/
==> failed runs (result event success=false) created since start:
==> done
STATUS cabinet_search_planner ok

===== depth_recall_v1_planner =====
==> video recording disabled (--no-video)
==> sync working tree -> gangway:~/gw-runs/gw-20260921_121232 (workers=10)
started
==> waiting for 30 seeds (workers=10)
==> workers done (or deadline reached)
==> pull logs back -> ./logs/
==> failed runs (result event success=false) created since start:
==> done
STATUS depth_recall_v1_planner ok

===== water_plants_planner =====
==> video recording disabled (--no-video)
==> sync working tree -> gangway:~/gw-runs/gw-20260921_121542 (workers=10)
started
==> waiting for 30 seeds (workers=10)
==> workers done (or deadline reached)
==> pull logs back -> ./logs/
==> failed runs (result event success=false) created since start:
==> done
STATUS water_plants_planner ok

===== season_dish_planner =====
==> video recording disabled (--no-video)
==> sync working tree -> gangway:~/gw-runs/gw-20260921_122200 (workers=10)
started
==> waiting for 30 seeds (workers=10)
==> workers done (or deadline reached)
==> pull logs back -> ./logs/
==> failed runs (result event success=false) created since start:
==> done
STATUS season_dish_planner ok

ALL_REQUESTED_RUNS_FINISHED
